2025-12-14 14:51:38 [INFO] Игра запущена
2025-12-14 14:51:47 [INFO] Игра завершена. Угадано слов: 0.
2025-12-14 14:51:48 [INFO] Время игры: 0 мин 10 сек
2025-12-14 16:49:48 [INFO] Игра запущена
2025-12-14 16:49:50 [INFO] Время игры: 0 мин 1 сек
2025-12-14 16:51:19 [INFO] Игра запущена
2025-12-14 16:51:28 [INFO] Игра завершена. Угадано слов: 0.
2025-12-14 16:51:29 [INFO] Время игры: 0 мин 9 сек
2025-12-15 15:33:16 [INFO] Игра запущена
2025-12-15 15:33:20 [INFO] Время игры: 0 мин 4 сек
2025-12-15 16:00:21 [INFO] Игра запущена
2025-12-15 16:02:03 [INFO] Игра завершена. Угадано слов: 0.
2025-12-15 16:02:10 [INFO] Время игры: 1 мин 48 сек
2025-12-15 16:02:13 [INFO] Игра запущена
2025-12-15 16:02:31 [INFO] Слово генератор успешно угадано
2025-12-15 16:02:59 [INFO] Слово искусственный успешно угадано
2025-12-15 16:03:02 [INFO] Игра завершена. Угадано слов: 2.
2025-12-15 16:03:11 [INFO] Время игры: 0 мин 57 сек
2025-12-15 16:12:00 [INFO] Игра запущена
2025-12-15 16:13:10 [INFO] Слово технология успешно угадано
2025-12-15 16:13:30 [INFO] Слово исключение успешно угадано
2025-12-15 16:13:32 [INFO] Игра завершена. Угадано слов: 2.
2025-12-15 16:13:35 [INFO] Время игры: 1 мин 35 сек
2025-12-15 16:14:10 [INFO] Игра запущена
2025-12-15 16:14:23 [INFO] Игра завершена. Угадано слов: 0.
2025-12-15 16:14:29 [INFO] Игра запущена
2025-12-15 16:14:41 [INFO] Игра завершена. Угадано слов: 0.
2025-12-15 16:14:50 [INFO] Время игры: 0 мин 21 сек
2025-12-15 16:14:50 [INFO] Время игры: 0 мин 39 сек
2025-12-15 16:15:39 [INFO] Игра запущена
2025-12-15 17:04:06 [INFO] Игра запущена
2025-12-15 17:04:09 [INFO] Время игры: 0 мин 2 сек
2025-12-15 17:05:25 [INFO] Игра запущена
2025-12-15 17:09:48 [INFO] Игра завершена. Угадано слов: 0.
2025-12-15 17:09:50 [INFO] Время игры: 4 мин 25 сек
2025-12-15 17:11:03 [INFO] Игра запущена
